// Jest Snapshot v1, https://goo.gl/fbAQLP

exports[`fails snapshot 1`] = `
Object {
  "abc": "smthNew",
  "asd": 23,
}
`;
