// Jest Snapshot v1, https://goo.gl/fbAQLP

exports[`Should not match snapshot 1`] = `"mysnapshot"`;
